=== Core Program (1 data, 3 bindings) ===
data Color_1006 = (Red_1000 :: Color_1006) | (Green_1001 :: Color_1006) | (Blue_1002 :: Color_1006)

(describeColor_1003 :: Color_1006 -> []_110 Char_105) = \(c_1007 :: Color_1006) -> case isRed_1004 c_1007 of (wild_1008 :: _t) {
  True_200 -> "red"
  _ -> "not red"
}

(isRed_1004 :: Color_1006 -> Bool_104) = \(arg_0_1009 :: Color_1006) -> case arg_0_1009 of (arg_0_1009 :: Color_1006) {
  Red_1000 -> True_200
  _ -> False_201
}

(alwaysYes_1005 :: Int_100 -> []_110 Char_105) = \(arg_0_1010 :: Int_100) -> "yes"
